<testsuites id="" name="" tests="25" failures="0" skipped="0" errors="0" time="24.817661">
<testsuite name="digital-research-manager.pw.spec.ts" timestamp="2025-12-05T22:24:53.304Z" hostname="chromium" tests="8" failures="0" skipped="0" time="27.195" errors="0">
<testcase name="Authentication › displays login form" classname="digital-research-manager.pw.spec.ts" time="5.226">
</testcase>
<testcase name="Authentication › rejects invalid credentials" classname="digital-research-manager.pw.spec.ts" time="5.268">
</testcase>
<testcase name="Authentication › logs in with demo credentials" classname="digital-research-manager.pw.spec.ts" time="5.292">
</testcase>
<testcase name="Authentication › logs out successfully" classname="digital-research-manager.pw.spec.ts" time="5.465">
</testcase>
<testcase name="Navigation › opens Personal NoteBook from sidebar" classname="digital-research-manager.pw.spec.ts" time="2.585">
</testcase>
<testcase name="Navigation › opens protocol library from sidebar" classname="digital-research-manager.pw.spec.ts" time="3.28">
</testcase>
<testcase name="API Smoke › health endpoint responds" classname="digital-research-manager.pw.spec.ts" time="0.039">
</testcase>
<testcase name="API Smoke › demo login returns token" classname="digital-research-manager.pw.spec.ts" time="0.04">
</testcase>
</testsuite>
<testsuite name="experiment-tracker.pw.spec.ts" timestamp="2025-12-05T22:24:53.304Z" hostname="chromium" tests="4" failures="0" skipped="0" time="14.112" errors="0">
<testcase name="Experiment Tracker Module › displays dashboard overview" classname="experiment-tracker.pw.spec.ts" time="3.716">
</testcase>
<testcase name="Experiment Tracker Module › shows experiment filters in Experiments tab" classname="experiment-tracker.pw.spec.ts" time="3.743">
</testcase>
<testcase name="Experiment Tracker Module › activates templates tab" classname="experiment-tracker.pw.spec.ts" time="3.634">
</testcase>
<testcase name="Experiment Tracker Module › shows analytics view" classname="experiment-tracker.pw.spec.ts" time="3.019">
</testcase>
</testsuite>
<testsuite name="lab-notebook.pw.spec.ts" timestamp="2025-12-05T22:24:53.304Z" hostname="chromium" tests="3" failures="0" skipped="0" time="5.732" errors="0">
<testcase name="Personal NoteBook Module › shows Personal NoteBook overview" classname="lab-notebook.pw.spec.ts" time="2.183">
</testcase>
<testcase name="Personal NoteBook Module › supports entry search interaction" classname="lab-notebook.pw.spec.ts" time="2.412">
</testcase>
<testcase name="Personal NoteBook Module › shows entry type selections" classname="lab-notebook.pw.spec.ts" time="1.137">
</testcase>
</testsuite>
<testsuite name="professional-protocols.pw.spec.ts" timestamp="2025-12-05T22:24:53.304Z" hostname="chromium" tests="3" failures="0" skipped="0" time="9.315" errors="0">
<testcase name="Professional Protocols Module › renders protocol library overview" classname="professional-protocols.pw.spec.ts" time="2.908">
</testcase>
<testcase name="Professional Protocols Module › filters protocols using search" classname="professional-protocols.pw.spec.ts" time="3.076">
</testcase>
<testcase name="Professional Protocols Module › opens protocol detail modal" classname="professional-protocols.pw.spec.ts" time="3.331">
</testcase>
</testsuite>
<testsuite name="research-assistant.pw.spec.ts" timestamp="2025-12-05T22:24:53.304Z" hostname="chromium" tests="3" failures="0" skipped="0" time="12.185" errors="0">
<testcase name="Research Assistant Module › shows AI assistant overview and handles chat submission" classname="research-assistant.pw.spec.ts" time="4.017">
</testcase>
<testcase name="Research Assistant Module › displays literature tab and renders library content" classname="research-assistant.pw.spec.ts" time="3.672">
</testcase>
<testcase name="Research Assistant Module › fetches a paper manually and supports ORCID import" classname="research-assistant.pw.spec.ts" time="4.496">
</testcase>
</testsuite>
<testsuite name="research-tools.pw.spec.ts" timestamp="2025-12-05T22:24:53.304Z" hostname="chromium" tests="4" failures="0" skipped="0" time="10.757" errors="0">
<testcase name="Research Tools Module › displays research tools overview" classname="research-tools.pw.spec.ts" time="3.414">
</testcase>
<testcase name="Research Tools Module › filters tools by type" classname="research-tools.pw.spec.ts" time="2.978">
</testcase>
<testcase name="Research Tools Module › switches between grid and list view" classname="research-tools.pw.spec.ts" time="2.133">
</testcase>
<testcase name="Research Tools Module › opens calculator details drawer" classname="research-tools.pw.spec.ts" time="2.232">
</testcase>
</testsuite>
</testsuites>